
Owner@Owner-PC MINGW64 ~
$ cd ~/Desktop

Owner@Owner-PC MINGW64 ~/Desktop
$ cd intro_git

Owner@Owner-PC MINGW64 ~/Desktop/intro_git
$ ls
first.txt

Owner@Owner-PC MINGW64 ~/Desktop/intro_git
$ git init
Initialized empty Git repository in C:/Users/Owner/Desktop/intro_git/.git/

Owner@Owner-PC MINGW64 ~/Desktop/intro_git (master)
$ ls -a
./  ../  .git/  first.txt

Owner@Owner-PC MINGW64 ~/Desktop/intro_git (master)
$ ls -a .git
./  ../  config  description  HEAD  hooks/  info/  objects/  refs/

Owner@Owner-PC MINGW64 ~/Desktop/intro_git (master)
$ git add first.txt

Owner@Owner-PC MINGW64 ~/Desktop/intro_git (master)
$ git commit
[master (root-commit) fcb901f] initial commit
 1 file changed, 6 insertions(+)
 create mode 100644 first.txt

Owner@Owner-PC MINGW64 ~/Desktop/intro_git (master)
$ git remote add origin https://github.com/hwpwk/intro_git.git

Owner@Owner-PC MINGW64 ~/Desktop/intro_git (master)
$ git push -u origin master
Enumerating objects: 3, done.
Counting objects: 100% (3/3), done.
Delta compression using up to 8 threads
Compressing objects: 100% (2/2), done.
Writing objects: 100% (3/3), 302 bytes | 100.00 KiB/s, done.
Total 3 (delta 0), reused 0 (delta 0)
remote:
remote: Create a pull request for 'master' on GitHub by visiting:
remote:      https://github.com/hwpwk/intro_git/pull/new/master
remote:
To https://github.com/hwpwk/intro_git.git
 * [new branch]      master -> master
Branch 'master' set up to track remote branch 'master' from 'origin'.

Owner@Owner-PC MINGW64 ~/Desktop/intro_git (master)
$ git status
On branch master
Your branch is up to date with 'origin/master'.

nothing to commit, working tree clean

Owner@Owner-PC MINGW64 ~/Desktop/intro_git (master)
$ git status
On branch master
Your branch is up to date with 'origin/master'.

Changes not staged for commit:
  (use "git add <file>..." to update what will be committed)
  (use "git checkout -- <file>..." to discard changes in working directory)

        modified:   first.txt

no changes added to commit (use "git add" and/or "git commit -a")

Owner@Owner-PC MINGW64 ~/Desktop/intro_git (master)
$ git add .

Owner@Owner-PC MINGW64 ~/Desktop/intro_git (master)
$ git status
On branch master
Your branch is up to date with 'origin/master'.

Changes to be committed:
  (use "git reset HEAD <file>..." to unstage)

        modified:   first.txt


Owner@Owner-PC MINGW64 ~/Desktop/intro_git (master)
$ git commit -v
[master 3e242f5] もう一度変更するというコマンドを追記
 1 file changed, 1 insertion(+)

Owner@Owner-PC MINGW64 ~/Desktop/intro_git (master)
$ git log
commit 3e242f522813a012817f92518d96fdd40c0507dd (HEAD -> master)
Author: Tomori_Kengo <hwpwk079@gmail.com>
Date:   Sun Oct 28 15:00:10 2018 +0900

    もう一度変更するというコマンドを追記

    コマンド練習のため

commit fcb901f5f70f0040749964ca307474baed44dfde (origin/master)
Author: Tomori_Kengo <hwpwk079@gmail.com>
Date:   Sun Oct 28 14:32:55 2018 +0900

    initial commit

Owner@Owner-PC MINGW64 ~/Desktop/intro_git (master)
$
